------------------------------------------------------------
Timing Analyzer Summary
------------------------------------------------------------

Type  : Slow 1200mV 85C Model Setup 'Clk'
Slack : -3.280
TNS   : -53.199

Type  : Slow 1200mV 85C Model Hold 'Clk'
Slack : 0.385
TNS   : 0.000

Type  : Slow 1200mV 85C Model Recovery 'Clk'
Slack : -0.659
TNS   : -6.764

Type  : Slow 1200mV 85C Model Removal 'Clk'
Slack : 0.595
TNS   : 0.000

Type  : Slow 1200mV 85C Model Minimum Pulse Width 'Clk'
Slack : -3.000
TNS   : -53.115

Type  : Slow 1200mV 0C Model Setup 'Clk'
Slack : -2.930
TNS   : -45.728

Type  : Slow 1200mV 0C Model Hold 'Clk'
Slack : 0.338
TNS   : 0.000

Type  : Slow 1200mV 0C Model Recovery 'Clk'
Slack : -0.495
TNS   : -4.218

Type  : Slow 1200mV 0C Model Removal 'Clk'
Slack : 0.532
TNS   : 0.000

Type  : Slow 1200mV 0C Model Minimum Pulse Width 'Clk'
Slack : -3.000
TNS   : -53.115

Type  : Fast 1200mV 0C Model Setup 'Clk'
Slack : -1.084
TNS   : -14.165

Type  : Fast 1200mV 0C Model Hold 'Clk'
Slack : 0.174
TNS   : 0.000

Type  : Fast 1200mV 0C Model Recovery 'Clk'
Slack : 0.168
TNS   : 0.000

Type  : Fast 1200mV 0C Model Removal 'Clk'
Slack : 0.299
TNS   : 0.000

Type  : Fast 1200mV 0C Model Minimum Pulse Width 'Clk'
Slack : -3.000
TNS   : -44.707

------------------------------------------------------------
